<html>
<body>
<pre>
<h1>µVision Build Log</h1>
<h2>Project:</h2>
C:\Keil\ARM\Device\Nordic\nrf51822_v4.4.0.30888_Backup\Board\pca10001\ble\mpbledemo_v0.2_0305\arm\ble_app_wechat.uvproj
Project File Date:  02/05/2015

<h2>Output:</h2>
Rebuild target 'nrf51822'
assembling arm_startup_nrf51.s...
compiling system_nrf51.c...
compiling ble_wechat_service.c...
compiling ble_stack_handler.c...
compiling ble_conn_params.c...
compiling ble_bondmngr.c...
compiling ble_advdata.c...
compiling app_timer.c...
compiling app_gpiote.c...
compiling app_button.c...
compiling ble_flash.c...
compiling ble_radio_notification.c...
compiling nrf_delay.c...
compiling crc16.c...
compiling ble_srv_common.c...
compiling ble_error_log.c...
compiling ble_debug_assert_handler.c...
compiling app_uart_fifo.c...
compiling app_fifo.c...
compiling twi_sw_master.c...
compiling nrf_ecb.c...
compiling mpbledemo2.c...
compiling led.c...
compiling main.c...
compiling comsource.c...
compiling ble_wechat_util.c...
compiling epb.c...
compiling epb_MmBp.c...
compiling md5.c...
compiling aes.c...
compiling crc32.c...
linking...
.\_build\ble_app_wechat.axf: Error: L6218E: Undefined symbol ui_auth_req (referred from mpbledemo2.o).
.\_build\ble_app_wechat.axf: Error: L6218E: Undefined symbol ui_ble_auth (referred from mpbledemo2.o).
.\_build\ble_app_wechat.axf: Error: L6218E: Undefined symbol ui_ble_con (referred from mpbledemo2.o).
.\_build\ble_app_wechat.axf: Error: L6218E: Undefined symbol ui_ble_init (referred from mpbledemo2.o).
.\_build\ble_app_wechat.axf: Error: L6218E: Undefined symbol ui_ble_init_clear (referred from mpbledemo2.o).
.\_build\ble_app_wechat.axf: Error: L6218E: Undefined symbol ui_ble_sub (referred from mpbledemo2.o).
.\_build\ble_app_wechat.axf: Error: L6218E: Undefined symbol ui_ble_switch_off (referred from mpbledemo2.o).
.\_build\ble_app_wechat.axf: Error: L6218E: Undefined symbol ui_ble_switch_on (referred from mpbledemo2.o).
.\_build\ble_app_wechat.axf: Error: L6218E: Undefined symbol ui_init_req (referred from mpbledemo2.o).
.\_build\ble_app_wechat.axf: Error: L6218E: Undefined symbol ui_init_resp (referred from mpbledemo2.o).
.\_build\ble_app_wechat.axf: Error: L6218E: Undefined symbol ui_light_off (referred from mpbledemo2.o).
.\_build\ble_app_wechat.axf: Error: L6218E: Undefined symbol ui_light_on (referred from mpbledemo2.o).
.\_build\ble_app_wechat.axf: Error: L6218E: Undefined symbol ui_push_num (referred from mpbledemo2.o).
.\_build\ble_app_wechat.axf: Error: L6218E: Undefined symbol ui_send_clear (referred from mpbledemo2.o).
.\_build\ble_app_wechat.axf: Error: L6218E: Undefined symbol ui_send_num (referred from mpbledemo2.o).
.\_build\ble_app_wechat.axf: Error: L6218E: Undefined symbol ui_send_req (referred from mpbledemo2.o).
.\_build\ble_app_wechat.axf: Error: L6218E: Undefined symbol ui_send_resp (referred from mpbledemo2.o).
.\_build\ble_app_wechat.axf: Error: L6218E: Undefined symbol ui_start (referred from mpbledemo2.o).
.\_build\ble_app_wechat.axf: Error: L6218E: Undefined symbol ui_ble_adv (referred from comsource.o).
.\_build\ble_app_wechat.axf: Error: L6218E: Undefined symbol ui_ble_signal (referred from comsource.o).
".\_build\ble_app_wechat.axf" - 20 Errors, 0 Warning(s).
Target not created
Build target 'nrf51822'
compiling mpbledemo2.c...
linking...
.\_build\ble_app_wechat.axf: Error: L6218E: Undefined symbol ui_auth_req (referred from mpbledemo2.o).
.\_build\ble_app_wechat.axf: Error: L6218E: Undefined symbol ui_ble_auth (referred from mpbledemo2.o).
.\_build\ble_app_wechat.axf: Error: L6218E: Undefined symbol ui_ble_con (referred from mpbledemo2.o).
.\_build\ble_app_wechat.axf: Error: L6218E: Undefined symbol ui_ble_init (referred from mpbledemo2.o).
.\_build\ble_app_wechat.axf: Error: L6218E: Undefined symbol ui_ble_init_clear (referred from mpbledemo2.o).
.\_build\ble_app_wechat.axf: Error: L6218E: Undefined symbol ui_ble_sub (referred from mpbledemo2.o).
.\_build\ble_app_wechat.axf: Error: L6218E: Undefined symbol ui_ble_switch_on (referred from mpbledemo2.o).
.\_build\ble_app_wechat.axf: Error: L6218E: Undefined symbol ui_init_req (referred from mpbledemo2.o).
.\_build\ble_app_wechat.axf: Error: L6218E: Undefined symbol ui_init_resp (referred from mpbledemo2.o).
.\_build\ble_app_wechat.axf: Error: L6218E: Undefined symbol ui_light_off (referred from mpbledemo2.o).
.\_build\ble_app_wechat.axf: Error: L6218E: Undefined symbol ui_light_on (referred from mpbledemo2.o).
.\_build\ble_app_wechat.axf: Error: L6218E: Undefined symbol ui_push_num (referred from mpbledemo2.o).
.\_build\ble_app_wechat.axf: Error: L6218E: Undefined symbol ui_send_clear (referred from mpbledemo2.o).
.\_build\ble_app_wechat.axf: Error: L6218E: Undefined symbol ui_send_num (referred from mpbledemo2.o).
.\_build\ble_app_wechat.axf: Error: L6218E: Undefined symbol ui_send_req (referred from mpbledemo2.o).
.\_build\ble_app_wechat.axf: Error: L6218E: Undefined symbol ui_send_resp (referred from mpbledemo2.o).
.\_build\ble_app_wechat.axf: Error: L6218E: Undefined symbol ui_start (referred from mpbledemo2.o).
.\_build\ble_app_wechat.axf: Error: L6218E: Undefined symbol ui_ble_adv (referred from comsource.o).
.\_build\ble_app_wechat.axf: Error: L6218E: Undefined symbol ui_ble_signal (referred from comsource.o).
".\_build\ble_app_wechat.axf" - 19 Errors, 0 Warning(s).
Target not created
Build target 'nrf51822'
compiling mpbledemo2.c...
compiling comsource.c...
linking...
Program Size: Code=28200 RO-data=376 RW-data=324 ZI-data=6692  
FromELF: creating hex file...
".\_build\ble_app_wechat.axf" - 0 Errors, 0 Warning(s).
Rebuild target 'nrf51822'
assembling arm_startup_nrf51.s...
compiling system_nrf51.c...
compiling ble_wechat_service.c...
..\services\ble_wechat_service.c(13): error:  #5: cannot open source input file "simple_ui.h": No such file or directory
compiling ble_stack_handler.c...
compiling ble_conn_params.c...
compiling ble_bondmngr.c...
compiling ble_advdata.c...
compiling app_timer.c...
compiling app_gpiote.c...
compiling app_button.c...
compiling ble_flash.c...
compiling ble_radio_notification.c...
compiling nrf_delay.c...
compiling crc16.c...
compiling ble_srv_common.c...
compiling ble_error_log.c...
compiling ble_debug_assert_handler.c...
compiling app_uart_fifo.c...
compiling app_fifo.c...
compiling twi_sw_master.c...
compiling nrf_ecb.c...
compiling mpbledemo2.c...
..\services\products\mpbledemo2.c(19): error:  #5: cannot open source input file "simple_ui.h": No such file or directory
compiling led.c...
compiling main.c...
..\source\main.c(10): error:  #5: cannot open source input file "simple_ui.h": No such file or directory
compiling comsource.c...
..\source\comsource.c(27): error:  #5: cannot open source input file "simple_ui.h": No such file or directory
compiling ble_wechat_util.c...
compiling epb.c...
compiling epb_MmBp.c...
compiling md5.c...
compiling aes.c...
compiling crc32.c...
".\_build\ble_app_wechat.axf" - 4 Errors, 0 Warning(s).
Target not created
Build target 'nrf51822'
compiling ble_wechat_service.c...
compiling mpbledemo2.c...
..\services\products\mpbledemo2.c(19): error:  #5: cannot open source input file "simple_ui.h": No such file or directory
compiling main.c...
..\source\main.c(10): error:  #5: cannot open source input file "simple_ui.h": No such file or directory
compiling comsource.c...
..\source\comsource.c(27): error:  #5: cannot open source input file "simple_ui.h": No such file or directory
".\_build\ble_app_wechat.axf" - 3 Errors, 0 Warning(s).
Target not created
Build target 'nrf51822'
compiling mpbledemo2.c...
compiling main.c...
..\source\main.c(10): error:  #5: cannot open source input file "simple_ui.h": No such file or directory
compiling comsource.c...
..\source\comsource.c(27): error:  #5: cannot open source input file "simple_ui.h": No such file or directory
".\_build\ble_app_wechat.axf" - 2 Errors, 0 Warning(s).
Target not created
Build target 'nrf51822'
compiling main.c...
compiling comsource.c...
..\source\comsource.c(27): error:  #5: cannot open source input file "simple_ui.h": No such file or directory
".\_build\ble_app_wechat.axf" - 1 Errors, 0 Warning(s).
Target not created
Build target 'nrf51822'
compiling comsource.c...
linking...
Program Size: Code=28200 RO-data=376 RW-data=324 ZI-data=6692  
FromELF: creating hex file...
".\_build\ble_app_wechat.axf" - 0 Errors, 0 Warning(s).
Rebuild target 'nrf51822'
assembling arm_startup_nrf51.s...
compiling system_nrf51.c...
compiling ble_wechat_service.c...
compiling ble_stack_handler.c...
compiling ble_conn_params.c...
compiling ble_bondmngr.c...
compiling ble_advdata.c...
compiling app_timer.c...
compiling app_gpiote.c...
compiling app_button.c...
compiling ble_flash.c...
compiling ble_radio_notification.c...
compiling nrf_delay.c...
compiling crc16.c...
compiling ble_srv_common.c...
compiling ble_error_log.c...
compiling ble_debug_assert_handler.c...
compiling app_uart_fifo.c...
compiling app_fifo.c...
compiling twi_sw_master.c...
compiling nrf_ecb.c...
compiling mpbledemo2.c...
compiling led.c...
compiling main.c...
compiling comsource.c...
compiling ble_wechat_util.c...
compiling epb.c...
compiling epb_MmBp.c...
compiling md5.c...
compiling aes.c...
compiling crc32.c...
linking...
Program Size: Code=28200 RO-data=376 RW-data=324 ZI-data=6692  
FromELF: creating hex file...
".\_build\ble_app_wechat.axf" - 0 Errors, 0 Warning(s).
Build target 'nrf51822'
compiling ble_wechat_util.c...
compiling aes.c...
linking...
Program Size: Code=28200 RO-data=376 RW-data=324 ZI-data=6692  
FromELF: creating hex file...
".\_build\ble_app_wechat.axf" - 0 Errors, 0 Warning(s).
Rebuild target 'nrf51822'
assembling arm_startup_nrf51.s...
compiling system_nrf51.c...
compiling ble_wechat_service.c...
compiling ble_stack_handler.c...
compiling ble_conn_params.c...
compiling ble_bondmngr.c...
compiling ble_advdata.c...
compiling app_timer.c...
compiling app_gpiote.c...
compiling app_button.c...
compiling ble_flash.c...
compiling ble_radio_notification.c...
compiling nrf_delay.c...
compiling crc16.c...
compiling ble_srv_common.c...
compiling ble_error_log.c...
compiling ble_debug_assert_handler.c...
compiling app_uart_fifo.c...
compiling app_fifo.c...
compiling twi_sw_master.c...
compiling nrf_ecb.c...
compiling mpbledemo2.c...
compiling led.c...
compiling main.c...
compiling comsource.c...
compiling ble_wechat_util.c...
compiling epb.c...
compiling epb_MmBp.c...
compiling md5.c...
compiling aes.c...
compiling crc32.c...
linking...
Program Size: Code=28200 RO-data=376 RW-data=324 ZI-data=6692  
FromELF: creating hex file...
".\_build\ble_app_wechat.axf" - 0 Errors, 0 Warning(s).
Build target 'nrf51822'
compiling ble_wechat_service.c...
compiling mpbledemo2.c...
compiling led.c...
compiling main.c...
compiling comsource.c...
linking...
Program Size: Code=34680 RO-data=1288 RW-data=324 ZI-data=6884  
FromELF: creating hex file...
".\_build\ble_app_wechat.axf" - 0 Errors, 0 Warning(s).
Build target 'nrf51822'
compiling aes.c...
..\source\aes.c(304): warning:  #177-D: function "BlockDecrypt" was declared but never referenced
linking...
.\_build\ble_app_wechat.axf: Error: L6218E: Undefined symbol AES_Decrypt (referred from mpbledemo2.o).
".\_build\ble_app_wechat.axf" - 1 Errors, 1 Warning(s).
Target not created
Rebuild target 'nrf51822'
assembling arm_startup_nrf51.s...
compiling system_nrf51.c...
compiling ble_wechat_service.c...
compiling ble_stack_handler.c...
compiling ble_conn_params.c...
compiling ble_bondmngr.c...
compiling ble_advdata.c...
compiling app_timer.c...
compiling app_gpiote.c...
compiling app_button.c...
compiling ble_flash.c...
compiling ble_radio_notification.c...
compiling nrf_delay.c...
compiling crc16.c...
compiling ble_srv_common.c...
compiling ble_error_log.c...
compiling ble_debug_assert_handler.c...
compiling app_uart_fifo.c...
compiling app_fifo.c...
compiling twi_sw_master.c...
compiling nrf_ecb.c...
compiling mpbledemo2.c...
compiling led.c...
compiling main.c...
compiling comsource.c...
compiling ble_wechat_util.c...
compiling epb.c...
compiling epb_MmBp.c...
compiling md5.c...
compiling aes.c...
compiling crc32.c...
linking...
Program Size: Code=34668 RO-data=1292 RW-data=324 ZI-data=6884  
FromELF: creating hex file...
".\_build\ble_app_wechat.axf" - 0 Errors, 0 Warning(s).
Build target 'nrf51822'
compiling aes.c...
linking...
Program Size: Code=34608 RO-data=1288 RW-data=324 ZI-data=6884  
FromELF: creating hex file...
".\_build\ble_app_wechat.axf" - 0 Errors, 0 Warning(s).
Build target 'nrf51822'
compiling aes.c...
linking...
Program Size: Code=34608 RO-data=1288 RW-data=324 ZI-data=6884  
FromELF: creating hex file...
".\_build\ble_app_wechat.axf" - 0 Errors, 0 Warning(s).
Rebuild target 'nrf51822'
assembling arm_startup_nrf51.s...
compiling system_nrf51.c...
compiling ble_wechat_service.c...
compiling ble_stack_handler.c...
compiling ble_conn_params.c...
compiling ble_bondmngr.c...
compiling ble_advdata.c...
compiling app_timer.c...
compiling app_gpiote.c...
compiling app_button.c...
compiling ble_flash.c...
compiling ble_radio_notification.c...
compiling nrf_delay.c...
compiling crc16.c...
compiling ble_srv_common.c...
compiling ble_error_log.c...
compiling ble_debug_assert_handler.c...
compiling app_uart_fifo.c...
compiling app_fifo.c...
compiling twi_sw_master.c...
compiling nrf_ecb.c...
compiling mpbledemo2.c...
compiling led.c...
compiling main.c...
compiling comsource.c...
compiling ble_wechat_util.c...
compiling epb.c...
compiling epb_MmBp.c...
compiling md5.c...
compiling aes.c...
compiling crc32.c...
linking...
Program Size: Code=34608 RO-data=1288 RW-data=324 ZI-data=6884  
FromELF: creating hex file...
".\_build\ble_app_wechat.axf" - 0 Errors, 0 Warning(s).
Build target 'nrf51822'
linking...
Program Size: Code=34608 RO-data=1288 RW-data=324 ZI-data=6884  
FromELF: creating hex file...
".\_build\ble_app_wechat.axf" - 0 Errors, 0 Warning(s).
Load "C:\\Keil\\ARM\\Device\\Nordic\\nrf51822_v4.4.0.30888_Backup\\Board\\pca10001\\ble\\mpbledemo_v0.2_0305\\arm\\_build\\ble_app_wechat.axf" 
Set JLink Project File to "C:\Keil\ARM\Device\Nordic\nrf51822_v4.4.0.30888_Backup\Board\pca10001\ble\mpbledemo_v0.2_0305\arm\JLinkSettings.ini"
* JLink Info: Device "NRF51822_XXAA" selected (257 KB flash, 8 KB RAM).
 
JLink info:
------------
DLL: V4.68a, compiled Apr 12 2013 13:26:50
Firmware: J-Link ARM-OB STM32 compiled Aug 22 2012 19:52:04
Hardware: V7.00
S/N : 20090928 
Feature(s) : RDI,FlashDL,FlashBP,JFlash,GDBFull 
 
* JLink Info: Found SWD-DP with ID 0x0BB11477
* JLink Info: FPUnit: 4 code (BP) slots and 0 literal slots
* JLink Info: Found Cortex-M0 r0p0, Little endian.
ROMTableAddr = 0xE00FF003
 
Target info:
------------
Device: nRF51822_xxAA
VTarget = 3.300V
State of Pins: 
TCK: 0, TDI: 0, TDO: 1, TMS: 0, TRES: 1, TRST: 1
Hardware-Breakpoints: 4
Software-Breakpoints: 8192
Watchpoints:          2
JTAG speed: 2000 kHz
 
Erase Done.
Programming Done.
Verify OK.
Application running ...
Rebuild target 'nrf51822'
assembling arm_startup_nrf51.s...
compiling system_nrf51.c...
compiling ble_wechat_service.c...
compiling ble_stack_handler.c...
compiling ble_conn_params.c...
compiling ble_bondmngr.c...
compiling ble_advdata.c...
compiling app_timer.c...
compiling app_gpiote.c...
compiling app_button.c...
compiling ble_flash.c...
compiling ble_radio_notification.c...
compiling nrf_delay.c...
compiling crc16.c...
compiling ble_srv_common.c...
compiling ble_error_log.c...
compiling ble_debug_assert_handler.c...
compiling app_uart_fifo.c...
compiling app_fifo.c...
compiling twi_sw_master.c...
compiling nrf_ecb.c...
compiling mpbledemo2.c...
compiling led.c...
compiling main.c...
compiling comsource.c...
compiling ble_wechat_util.c...
compiling epb.c...
compiling epb_MmBp.c...
compiling md5.c...
compiling aes.c...
compiling crc32.c...
linking...
Program Size: Code=34608 RO-data=1288 RW-data=324 ZI-data=6884  
FromELF: creating hex file...
".\_build\ble_app_wechat.axf" - 0 Errors, 0 Warning(s).
Rebuild target 'nrf51822'
assembling arm_startup_nrf51.s...
compiling system_nrf51.c...
compiling ble_wechat_service.c...
compiling ble_stack_handler.c...
compiling ble_conn_params.c...
compiling ble_bondmngr.c...
compiling ble_advdata.c...
compiling app_timer.c...
compiling app_gpiote.c...
compiling app_button.c...
compiling ble_flash.c...
compiling ble_radio_notification.c...
compiling nrf_delay.c...
compiling crc16.c...
compiling ble_srv_common.c...
compiling ble_error_log.c...
compiling ble_debug_assert_handler.c...
compiling app_uart_fifo.c...
compiling app_fifo.c...
compiling twi_sw_master.c...
compiling nrf_ecb.c...
compiling mpbledemo2.c...
compiling led.c...
compiling main.c...
compiling comsource.c...
compiling ble_wechat_util.c...
compiling epb.c...
compiling epb_MmBp.c...
compiling md5.c...
compiling aes.c...
compiling crc32.c...
linking...
Program Size: Code=32544 RO-data=776 RW-data=320 ZI-data=6704  
FromELF: creating hex file...
".\_build\ble_app_wechat.axf" - 0 Errors, 0 Warning(s).
Load "C:\\Keil\\ARM\\Device\\Nordic\\nrf51822_v4.4.0.30888_Backup\\Board\\pca10001\\ble\\mpbledemo_v0.2_0305\\arm\\_build\\ble_app_wechat.axf" 
Set JLink Project File to "C:\Keil\ARM\Device\Nordic\nrf51822_v4.4.0.30888_Backup\Board\pca10001\ble\mpbledemo_v0.2_0305\arm\JLinkSettings.ini"
* JLink Info: Device "NRF51822_XXAA" selected (257 KB flash, 8 KB RAM).
 
JLink info:
------------
DLL: V4.68a, compiled Apr 12 2013 13:26:50
Firmware: J-Link ARM-OB STM32 compiled Aug 22 2012 19:52:04
Hardware: V7.00
S/N : 20090928 
Feature(s) : RDI,FlashDL,FlashBP,JFlash,GDBFull 
 
* JLink Info: Found SWD-DP with ID 0x0BB11477
* JLink Info: FPUnit: 4 code (BP) slots and 0 literal slots
* JLink Info: Found Cortex-M0 r0p0, Little endian.
ROMTableAddr = 0xE00FF003
 
Target info:
------------
Device: nRF51822_xxAA
VTarget = 3.300V
State of Pins: 
TCK: 0, TDI: 0, TDO: 1, TMS: 0, TRES: 1, TRST: 1
Hardware-Breakpoints: 4
Software-Breakpoints: 8192
Watchpoints:          2
JTAG speed: 2000 kHz
 
Erase Done.
Programming Done.
Verify OK.
Application running ...
compiling main.c...
"..\source\main.c" - 0 Errors, 0 Warning(s).
Rebuild target 'nrf51822'
assembling arm_startup_nrf51.s...
compiling system_nrf51.c...
compiling ble_wechat_service.c...
compiling ble_stack_handler.c...
compiling ble_conn_params.c...
compiling ble_bondmngr.c...
compiling ble_advdata.c...
compiling app_timer.c...
compiling app_gpiote.c...
compiling app_button.c...
compiling ble_flash.c...
compiling ble_radio_notification.c...
compiling nrf_delay.c...
compiling crc16.c...
compiling ble_srv_common.c...
compiling ble_error_log.c...
compiling ble_debug_assert_handler.c...
compiling app_uart_fifo.c...
compiling app_fifo.c...
compiling twi_sw_master.c...
compiling nrf_ecb.c...
compiling mpbledemo2.c...
compiling led.c...
compiling main.c...
compiling comsource.c...
compiling ble_wechat_util.c...
compiling epb.c...
compiling epb_MmBp.c...
compiling md5.c...
compiling aes.c...
compiling crc32.c...
linking...
Program Size: Code=32544 RO-data=776 RW-data=320 ZI-data=6704  
FromELF: creating hex file...
".\_build\ble_app_wechat.axf" - 0 Errors, 0 Warning(s).
